// Jest Snapshot v1, https://goo.gl/fbAQLP

exports[`renders popover or nothing if not visible 1`] = `
"Snapshot Diff:
Compared values have no visual difference."
`;
